// Jest Snapshot v1, https://goo.gl/fbAQLP

exports[`Render databases in tree fetches and displays database nodes when datasource is s3 1`] = `
<div>
  <div
    class="euiFlexGroup euiFlexGroup--gutterSmall euiFlexGroup--alignItemsCenter euiFlexGroup--directionColumn euiFlexGroup--responsive"
  >
    <div
      class="euiSpacer euiSpacer--l"
    />
    <div
      class="euiFlexItem"
    >
      <span
        class="euiLoadingSpinner euiLoadingSpinner--large"
      />
    </div>
    <div
      class="euiFlexItem euiFlexItem--flexGrowZero"
    >
      Loading data
    </div>
    <div
      class="euiFlexItem euiFlexItem--flexGrowZero"
    >
      <div
        style="padding: 10px;"
      >
        <div
          class="euiFlexItem"
        >
          <div
            class="euiText euiText--medium"
          >
            <div
              class="euiTextAlign euiTextAlign--center"
            >
              <div
                class="euiTextColor euiTextColor--subdued"
              >
                Loading may take over 30 seconds
              </div>
            </div>
          </div>
        </div>
        <div
          class="euiFlexItem"
        >
          <div
            class="euiText euiText--medium"
          >
            <div
              class="euiTextAlign euiTextAlign--center"
            >
              <div
                class="euiTextColor euiTextColor--subdued"
              >
                Status: 
                Query Not Run
              </div>
            </div>
          </div>
        </div>
      </div>
    </div>
  </div>
</div>
`;

exports[`Render databases in tree fetches and displays indicies when datasource is OpenSearch 1`] = `
<div>
  <div
    class="euiFlexItem euiFlexItem--flexGrowZero"
  >
    <div
      class="euiText euiText--medium euiTreeView__wrapper"
    >
      <p
        class="euiScreenReaderOnly"
        id="some_html_id--instruction"
      >
        You can quickly navigate this list using arrow keys.
      </p>
      <ul
        aria-describedby="some_html_id--instruction"
        aria-label="Sample Folder Tree"
        class="euiTreeView"
        id="some_html_id"
      >
        <li
          class="euiTreeView__node"
        >
          <button
            aria-controls="some_html_id"
            aria-expanded="false"
            class="euiTreeView__nodeInner"
            data-test-subj="euiTreeViewButton-some_html_id"
            id="element_0"
          >
            <span
              class="euiTreeView__iconWrapper"
            >
              <svg
                aria-hidden="true"
                class="euiIcon euiIcon--medium euiIcon-isLoading"
                focusable="false"
                height="16"
                role="img"
                viewBox="0 0 16 16"
                width="16"
                xmlns="http://www.w3.org/2000/svg"
              />
            </span>
            <span
              class="euiTreeView__nodeLabel"
            >
              <div>
                <span
                  class="euiToolTipAnchor"
                >
                  <div
                    class="euiText euiText--medium"
                  >
                    .kibana_1
                  </div>
                </span>
                 
              </div>
            </span>
          </button>
          <div
            id="some_html_id"
          />
        </li>
        <li
          class="euiTreeView__node"
        >
          <button
            aria-controls="some_html_id"
            aria-expanded="false"
            class="euiTreeView__nodeInner"
            data-test-subj="euiTreeViewButton-some_html_id"
            id="element_1"
          >
            <span
              class="euiTreeView__iconWrapper"
            >
              <svg
                aria-hidden="true"
                class="euiIcon euiIcon--medium euiIcon-isLoading"
                focusable="false"
                height="16"
                role="img"
                viewBox="0 0 16 16"
                width="16"
                xmlns="http://www.w3.org/2000/svg"
              />
            </span>
            <span
              class="euiTreeView__nodeLabel"
            >
              <div>
                <span
                  class="euiToolTipAnchor"
                >
                  <div
                    class="euiText euiText--medium"
                  >
                    .kibana_2
                  </div>
                </span>
                 
              </div>
            </span>
          </button>
          <div
            id="some_html_id"
          />
        </li>
        <li
          class="euiTreeView__node"
        >
          <button
            aria-controls="some_html_id"
            aria-expanded="false"
            class="euiTreeView__nodeInner"
            data-test-subj="euiTreeViewButton-some_html_id"
            id="element_2"
          >
            <span
              class="euiTreeView__iconWrapper"
            >
              <svg
                aria-hidden="true"
                class="euiIcon euiIcon--medium euiIcon-isLoading"
                focusable="false"
                height="16"
                role="img"
                viewBox="0 0 16 16"
                width="16"
                xmlns="http://www.w3.org/2000/svg"
              />
            </span>
            <span
              class="euiTreeView__nodeLabel"
            >
              <div>
                <span
                  class="euiToolTipAnchor"
                >
                  <div
                    class="euiText euiText--medium"
                  >
                    .kibana_3
                  </div>
                </span>
                 
              </div>
            </span>
          </button>
          <div
            id="some_html_id"
          />
        </li>
        <li
          class="euiTreeView__node"
        >
          <button
            aria-controls="some_html_id"
            aria-expanded="false"
            class="euiTreeView__nodeInner"
            data-test-subj="euiTreeViewButton-some_html_id"
            id="element_3"
          >
            <span
              class="euiTreeView__iconWrapper"
            >
              <svg
                aria-hidden="true"
                class="euiIcon euiIcon--medium euiIcon-isLoading"
                focusable="false"
                height="16"
                role="img"
                viewBox="0 0 16 16"
                width="16"
                xmlns="http://www.w3.org/2000/svg"
              />
            </span>
            <span
              class="euiTreeView__nodeLabel"
            >
              <div>
                <span
                  class="euiToolTipAnchor"
                >
                  <div
                    class="euiText euiText--medium"
                  >
                    .opendistro-reports-definitions
                  </div>
                </span>
                 
              </div>
            </span>
          </button>
          <div
            id="some_html_id"
          />
        </li>
        <li
          class="euiTreeView__node"
        >
          <button
            aria-controls="some_html_id"
            aria-expanded="false"
            class="euiTreeView__nodeInner"
            data-test-subj="euiTreeViewButton-some_html_id"
            id="element_4"
          >
            <span
              class="euiTreeView__iconWrapper"
            >
              <svg
                aria-hidden="true"
                class="euiIcon euiIcon--medium euiIcon-isLoading"
                focusable="false"
                height="16"
                role="img"
                viewBox="0 0 16 16"
                width="16"
                xmlns="http://www.w3.org/2000/svg"
              />
            </span>
            <span
              class="euiTreeView__nodeLabel"
            >
              <div>
                <span
                  class="euiToolTipAnchor"
                >
                  <div
                    class="euiText euiText--medium"
                  >
                    .opendistro-reports-instances
                  </div>
                </span>
                 
              </div>
            </span>
          </button>
          <div
            id="some_html_id"
          />
        </li>
        <li
          class="euiTreeView__node"
        >
          <button
            aria-controls="some_html_id"
            aria-expanded="false"
            class="euiTreeView__nodeInner"
            data-test-subj="euiTreeViewButton-some_html_id"
            id="element_5"
          >
            <span
              class="euiTreeView__iconWrapper"
            >
              <svg
                aria-hidden="true"
                class="euiIcon euiIcon--medium euiIcon-isLoading"
                focusable="false"
                height="16"
                role="img"
                viewBox="0 0 16 16"
                width="16"
                xmlns="http://www.w3.org/2000/svg"
              />
            </span>
            <span
              class="euiTreeView__nodeLabel"
            >
              <div>
                <span
                  class="euiToolTipAnchor"
                >
                  <div
                    class="euiText euiText--medium"
                  >
                    .opensearch-observability
                  </div>
                </span>
                 
              </div>
            </span>
          </button>
          <div
            id="some_html_id"
          />
        </li>
        <li
          class="euiTreeView__node"
        >
          <button
            aria-controls="some_html_id"
            aria-expanded="false"
            class="euiTreeView__nodeInner"
            data-test-subj="euiTreeViewButton-some_html_id"
            id="element_6"
          >
            <span
              class="euiTreeView__iconWrapper"
            >
              <svg
                aria-hidden="true"
                class="euiIcon euiIcon--medium euiIcon-isLoading"
                focusable="false"
                height="16"
                role="img"
                viewBox="0 0 16 16"
                width="16"
                xmlns="http://www.w3.org/2000/svg"
              />
            </span>
            <span
              class="euiTreeView__nodeLabel"
            >
              <div>
                <span
                  class="euiToolTipAnchor"
                >
                  <div
                    class="euiText euiText--medium"
                  >
                    .plugins-ml-config
                  </div>
                </span>
                 
              </div>
            </span>
          </button>
          <div
            id="some_html_id"
          />
        </li>
        <li
          class="euiTreeView__node"
        >
          <button
            aria-controls="some_html_id"
            aria-expanded="false"
            class="euiTreeView__nodeInner"
            data-test-subj="euiTreeViewButton-some_html_id"
            id="element_7"
          >
            <span
              class="euiTreeView__iconWrapper"
            >
              <svg
                aria-hidden="true"
                class="euiIcon euiIcon--medium euiIcon-isLoading"
                focusable="false"
                height="16"
                role="img"
                viewBox="0 0 16 16"
                width="16"
                xmlns="http://www.w3.org/2000/svg"
              />
            </span>
            <span
              class="euiTreeView__nodeLabel"
            >
              <div>
                <span
                  class="euiToolTipAnchor"
                >
                  <div
                    class="euiText euiText--medium"
                  >
                    .ql-datasources
                  </div>
                </span>
                 
              </div>
            </span>
          </button>
          <div
            id="some_html_id"
          />
        </li>
        <li
          class="euiTreeView__node"
        >
          <button
            aria-controls="some_html_id"
            aria-expanded="false"
            class="euiTreeView__nodeInner"
            data-test-subj="euiTreeViewButton-some_html_id"
            id="element_8"
          >
            <span
              class="euiTreeView__iconWrapper"
            >
              <svg
                aria-hidden="true"
                class="euiIcon euiIcon--medium euiIcon-isLoading"
                focusable="false"
                height="16"
                role="img"
                viewBox="0 0 16 16"
                width="16"
                xmlns="http://www.w3.org/2000/svg"
              />
            </span>
            <span
              class="euiTreeView__nodeLabel"
            >
              <div>
                <span
                  class="euiToolTipAnchor"
                >
                  <div
                    class="euiText euiText--medium"
                  >
                    .ql-job-metadata
                  </div>
                </span>
                 
              </div>
            </span>
          </button>
          <div
            id="some_html_id"
          />
        </li>
        <li
          class="euiTreeView__node"
        >
          <button
            aria-controls="some_html_id"
            aria-expanded="false"
            class="euiTreeView__nodeInner"
            data-test-subj="euiTreeViewButton-some_html_id"
            id="element_9"
          >
            <span
              class="euiTreeView__iconWrapper"
            >
              <svg
                aria-hidden="true"
                class="euiIcon euiIcon--medium euiIcon-isLoading"
                focusable="false"
                height="16"
                role="img"
                viewBox="0 0 16 16"
                width="16"
                xmlns="http://www.w3.org/2000/svg"
              />
            </span>
            <span
              class="euiTreeView__nodeLabel"
            >
              <div>
                <span
                  class="euiToolTipAnchor"
                >
                  <div
                    class="euiText euiText--medium"
                  >
                    .query_execution_result
                  </div>
                </span>
                 
              </div>
            </span>
          </button>
          <div
            id="some_html_id"
          />
        </li>
        <li
          class="euiTreeView__node"
        >
          <button
            aria-controls="some_html_id"
            aria-expanded="false"
            class="euiTreeView__nodeInner"
            data-test-subj="euiTreeViewButton-some_html_id"
            id="element_10"
          >
            <span
              class="euiTreeView__iconWrapper"
            >
              <svg
                aria-hidden="true"
                class="euiIcon euiIcon--medium euiIcon-isLoading"
                focusable="false"
                height="16"
                role="img"
                viewBox="0 0 16 16"
                width="16"
                xmlns="http://www.w3.org/2000/svg"
              />
            </span>
            <span
              class="euiTreeView__nodeLabel"
            >
              <div>
                <span
                  class="euiToolTipAnchor"
                >
                  <div
                    class="euiText euiText--medium"
                  >
                    flint_mys3_default_alb_logs_temp_10_test_index
                  </div>
                </span>
                 
              </div>
            </span>
          </button>
          <div
            id="some_html_id"
          />
        </li>
        <li
          class="euiTreeView__node"
        >
          <button
            aria-controls="some_html_id"
            aria-expanded="false"
            class="euiTreeView__nodeInner"
            data-test-subj="euiTreeViewButton-some_html_id"
            id="element_11"
          >
            <span
              class="euiTreeView__iconWrapper"
            >
              <svg
                aria-hidden="true"
                class="euiIcon euiIcon--medium euiIcon-isLoading"
                focusable="false"
                height="16"
                role="img"
                viewBox="0 0 16 16"
                width="16"
                xmlns="http://www.w3.org/2000/svg"
              />
            </span>
            <span
              class="euiTreeView__nodeLabel"
            >
              <div>
                <span
                  class="euiToolTipAnchor"
                >
                  <div
                    class="euiText euiText--medium"
                  >
                    flint_mys3_default_alb_logs_temp_5_mys3_default...
                  </div>
                </span>
                 
              </div>
            </span>
          </button>
          <div
            id="some_html_id"
          />
        </li>
        <li
          class="euiTreeView__node"
        >
          <button
            aria-controls="some_html_id"
            aria-expanded="false"
            class="euiTreeView__nodeInner"
            data-test-subj="euiTreeViewButton-some_html_id"
            id="element_12"
          >
            <span
              class="euiTreeView__iconWrapper"
            >
              <svg
                aria-hidden="true"
                class="euiIcon euiIcon--medium euiIcon-isLoading"
                focusable="false"
                height="16"
                role="img"
                viewBox="0 0 16 16"
                width="16"
                xmlns="http://www.w3.org/2000/svg"
              />
            </span>
            <span
              class="euiTreeView__nodeLabel"
            >
              <div>
                <span
                  class="euiToolTipAnchor"
                >
                  <div
                    class="euiText euiText--medium"
                  >
                    flint_mys3_default_elb_logs_regex_elb_logs_rege...
                  </div>
                </span>
                 
              </div>
            </span>
          </button>
          <div
            id="some_html_id"
          />
        </li>
        <li
          class="euiTreeView__node"
        >
          <button
            aria-controls="some_html_id"
            aria-expanded="false"
            class="euiTreeView__nodeInner"
            data-test-subj="euiTreeViewButton-some_html_id"
            id="element_13"
          >
            <span
              class="euiTreeView__iconWrapper"
            >
              <svg
                aria-hidden="true"
                class="euiIcon euiIcon--medium euiIcon-isLoading"
                focusable="false"
                height="16"
                role="img"
                viewBox="0 0 16 16"
                width="16"
                xmlns="http://www.w3.org/2000/svg"
              />
            </span>
            <span
              class="euiTreeView__nodeLabel"
            >
              <div>
                <span
                  class="euiToolTipAnchor"
                >
                  <div
                    class="euiText euiText--medium"
                  >
                    flint_mys3_default_empty_table_empty_table_inde...
                  </div>
                </span>
                 
              </div>
            </span>
          </button>
          <div
            id="some_html_id"
          />
        </li>
        <li
          class="euiTreeView__node"
        >
          <button
            aria-controls="some_html_id"
            aria-expanded="false"
            class="euiTreeView__nodeInner"
            data-test-subj="euiTreeViewButton-some_html_id"
            id="element_14"
          >
            <span
              class="euiTreeView__iconWrapper"
            >
              <svg
                aria-hidden="true"
                class="euiIcon euiIcon--medium euiIcon-isLoading"
                focusable="false"
                height="16"
                role="img"
                viewBox="0 0 16 16"
                width="16"
                xmlns="http://www.w3.org/2000/svg"
              />
            </span>
            <span
              class="euiTreeView__nodeLabel"
            >
              <div>
                <span
                  class="euiToolTipAnchor"
                >
                  <div
                    class="euiText euiText--medium"
                  >
                    flint_mys3_default_http_logs_skipping_index
                  </div>
                </span>
                 
              </div>
            </span>
          </button>
          <div
            id="some_html_id"
          />
        </li>
        <li
          class="euiTreeView__node"
        >
          <button
            aria-controls="some_html_id"
            aria-expanded="false"
            class="euiTreeView__nodeInner"
            data-test-subj="euiTreeViewButton-some_html_id"
            id="element_15"
          >
            <span
              class="euiTreeView__iconWrapper"
            >
              <svg
                aria-hidden="true"
                class="euiIcon euiIcon--medium euiIcon-isLoading"
                focusable="false"
                height="16"
                role="img"
                viewBox="0 0 16 16"
                width="16"
                xmlns="http://www.w3.org/2000/svg"
              />
            </span>
            <span
              class="euiTreeView__nodeLabel"
            >
              <div>
                <span
                  class="euiToolTipAnchor"
                >
                  <div
                    class="euiText euiText--medium"
                  >
                    flint_mys3_default_parquet_elb_logs_simple_parq...
                  </div>
                </span>
                 
              </div>
            </span>
          </button>
          <div
            id="some_html_id"
          />
        </li>
        <li
          class="euiTreeView__node"
        >
          <button
            aria-controls="some_html_id"
            aria-expanded="false"
            class="euiTreeView__nodeInner"
            data-test-subj="euiTreeViewButton-some_html_id"
            id="element_16"
          >
            <span
              class="euiTreeView__iconWrapper"
            >
              <svg
                aria-hidden="true"
                class="euiIcon euiIcon--medium euiIcon-isLoading"
                focusable="false"
                height="16"
                role="img"
                viewBox="0 0 16 16"
                width="16"
                xmlns="http://www.w3.org/2000/svg"
              />
            </span>
            <span
              class="euiTreeView__nodeLabel"
            >
              <div>
                <span
                  class="euiToolTipAnchor"
                >
                  <div
                    class="euiText euiText--medium"
                  >
                    opensearch_dashboards_sample_data_flights
                  </div>
                </span>
                 
              </div>
            </span>
          </button>
          <div
            id="some_html_id"
          />
        </li>
        <li
          class="euiTreeView__node"
        >
          <button
            aria-controls="some_html_id"
            aria-expanded="false"
            class="euiTreeView__nodeInner"
            data-test-subj="euiTreeViewButton-some_html_id"
            id="element_17"
          >
            <span
              class="euiTreeView__iconWrapper"
            >
              <svg
                aria-hidden="true"
                class="euiIcon euiIcon--medium euiIcon-isLoading"
                focusable="false"
                height="16"
                role="img"
                viewBox="0 0 16 16"
                width="16"
                xmlns="http://www.w3.org/2000/svg"
              />
            </span>
            <span
              class="euiTreeView__nodeLabel"
            >
              <div>
                <span
                  class="euiToolTipAnchor"
                >
                  <div
                    class="euiText euiText--medium"
                  >
                    opensearch_dashboards_sample_data_logs
                  </div>
                </span>
                 
              </div>
            </span>
          </button>
          <div
            id="some_html_id"
          />
        </li>
        <li
          class="euiTreeView__node"
        >
          <button
            aria-controls="some_html_id"
            aria-expanded="false"
            class="euiTreeView__nodeInner"
            data-test-subj="euiTreeViewButton-some_html_id"
            id="element_18"
          >
            <span
              class="euiTreeView__iconWrapper"
            >
              <svg
                aria-hidden="true"
                class="euiIcon euiIcon--medium euiIcon-isLoading"
                focusable="false"
                height="16"
                role="img"
                viewBox="0 0 16 16"
                width="16"
                xmlns="http://www.w3.org/2000/svg"
              />
            </span>
            <span
              class="euiTreeView__nodeLabel"
            >
              <div>
                <span
                  class="euiToolTipAnchor"
                >
                  <div
                    class="euiText euiText--medium"
                  >
                    ss4o_traces-elb-test
                  </div>
                </span>
                 
              </div>
            </span>
          </button>
          <div
            id="some_html_id"
          />
        </li>
        <li
          class="euiTreeView__node"
        >
          <button
            aria-controls="some_html_id"
            aria-expanded="false"
            class="euiTreeView__nodeInner"
            data-test-subj="euiTreeViewButton-some_html_id"
            id="element_19"
          >
            <span
              class="euiTreeView__iconWrapper"
            >
              <svg
                aria-hidden="true"
                class="euiIcon euiIcon--medium euiIcon-isLoading"
                focusable="false"
                height="16"
                role="img"
                viewBox="0 0 16 16"
                width="16"
                xmlns="http://www.w3.org/2000/svg"
              />
            </span>
            <span
              class="euiTreeView__nodeLabel"
            >
              <div>
                <span
                  class="euiToolTipAnchor"
                >
                  <div
                    class="euiText euiText--medium"
                  >
                    .flint-elv-mv
                  </div>
                </span>
                 
              </div>
            </span>
          </button>
          <div
            id="some_html_id"
          />
        </li>
        <li
          class="euiTreeView__node"
        >
          <button
            aria-controls="some_html_id"
            aria-expanded="false"
            class="euiTreeView__nodeInner"
            data-test-subj="euiTreeViewButton-some_html_id"
            id="element_20"
          >
            <span
              class="euiTreeView__iconWrapper"
            >
              <svg
                aria-hidden="true"
                class="euiIcon euiIcon--medium euiIcon-isLoading"
                focusable="false"
                height="16"
                role="img"
                viewBox="0 0 16 16"
                width="16"
                xmlns="http://www.w3.org/2000/svg"
              />
            </span>
            <span
              class="euiTreeView__nodeLabel"
            >
              <div>
                <span
                  class="euiToolTipAnchor"
                >
                  <div
                    class="euiText euiText--medium"
                  >
                    .kibana
                  </div>
                </span>
                 
              </div>
            </span>
          </button>
          <div
            id="some_html_id"
          />
        </li>
      </ul>
    </div>
  </div>
</div>
`;
